
> sola-tech@0.1.0 build
> next build

   Ôû▓ Next.js 15.5.9

   Creating an optimized production build ...

­ƒî╝   [35mdaisyUI[39m [2m4.12.24[22m
Ôö£ÔöÇ [32mÔ£ö´©Ä[39m 2 themes added[2m		https://daisyui.com/docs/themes[22m
Ôò░ÔöÇ [32mÔØñ´©Ä[39m [0mSupport daisyUI project:[0m	[2mhttps://opencollective.com/daisyui[22m


­ƒî╝   [35mdaisyUI[39m [2m4.12.24[22m
Ôö£ÔöÇ [32mÔ£ö´©Ä[39m 2 themes added[2m		https://daisyui.com/docs/themes[22m
Ôò░ÔöÇ [32mÔØñ´©Ä[39m [0mSupport daisyUI project:[0m	[2mhttps://opencollective.com/daisyui[22m

 Ô£ô Compiled successfully in 5.4s
   Linting and checking validity of types ...
node.exe : 
At line:1 char:1
+ & "C:\Program File
s\nodejs/node.exe" 
"C:\Users\Dave 
laptop\AppData\Ro 
...
+ ~~~~~~~~~~~~~~~~~~
~~~~~~~~~~~~~~~~~~~~
~~~~~~~~~~~~~~~~~~~~
~~~~~~~~~~~
    + CategoryInfo  
            : NotS  
  pecified: (:Str   
 ing) [], Remote    
Exception
    + FullyQualifie 
   dErrorId : Nati  
  veCommandError
 
Failed to compile.

./src/app/careers/pa
ge.tsx
74:28  Error: `'` 
can be escaped with 
`&apos;`, 
`&lsquo;`, `&#39;`, 
`&rsquo;`.  react/no
-unescaped-entities
74:51  Error: `'` 
can be escaped with 
`&apos;`, 
`&lsquo;`, `&#39;`, 
`&rsquo;`.  react/no
-unescaped-entities
129:23  Error: `'` 
can be escaped with 
`&apos;`, 
`&lsquo;`, `&#39;`, 
`&rsquo;`.  react/no
-unescaped-entities
174:63  Error: `'` 
can be escaped with 
`&apos;`, 
`&lsquo;`, `&#39;`, 
`&rsquo;`.  react/no
-unescaped-entities

./src/app/joinnow/pa
ge.tsx
74:40  Error: `'` 
can be escaped with 
`&apos;`, 
`&lsquo;`, `&#39;`, 
`&rsquo;`.  react/no
-unescaped-entities
74:63  Error: `'` 
can be escaped with 
`&apos;`, 
`&lsquo;`, `&#39;`, 
`&rsquo;`.  react/no
-unescaped-entities
129:41  Error: `'` 
can be escaped with 
`&apos;`, 
`&lsquo;`, `&#39;`, 
`&rsquo;`.  react/no
-unescaped-entities
174:77  Error: `'` 
can be escaped with 
`&apos;`, 
`&lsquo;`, `&#39;`, 
`&rsquo;`.  react/no
-unescaped-entities

./src/app/solaclub/p
age.tsx
282:76  Error: `"` 
can be escaped with 
`&quot;`, 
`&ldquo;`, `&#34;`, 
`&rdquo;`.  react/no
-unescaped-entities
282:86  Error: `"` 
can be escaped with 
`&quot;`, 
`&ldquo;`, `&#34;`, 
`&rdquo;`.  react/no
-unescaped-entities
328:69  Error: `"` 
can be escaped with 
`&quot;`, 
`&ldquo;`, `&#34;`, 
`&rdquo;`.  react/no
-unescaped-entities
328:79  Error: `"` 
can be escaped with 
`&quot;`, 
`&ldquo;`, `&#34;`, 
`&rdquo;`.  react/no
-unescaped-entities

./src/app/workplace/
page.tsx
70:72  Error: `'` 
can be escaped with 
`&apos;`, 
`&lsquo;`, `&#39;`, 
`&rsquo;`.  react/no
-unescaped-entities

./src/components/ui/
hero-section.tsx
64:15  Warning: 
Using `<img>` could 
result in slower 
LCP and higher 
bandwidth. Consider 
using `<Image />` 
from `next/image` 
or a custom image 
loader to 
automatically 
optimize images. 
This may incur 
additional usage or 
cost from your 
provider. See: https
://nextjs.org/docs/m
essages/no-img-eleme
nt  @next/next/no-im
g-element

./src/components/ui/
stats-section.tsx
63:32  Warning: The 
ref value 
'ref.current' will 
likely have changed 
by the time this 
effect cleanup 
function runs. If 
this ref points to 
a node rendered by 
React, copy 
'ref.current' to a 
variable inside the 
effect, and use 
that variable in 
the cleanup 
function.  react-hoo
ks/exhaustive-deps

info  - Need to 
disable some ESLint 
rules? Learn more 
here: https://nextjs
.org/docs/app/api-re
ference/config/eslin
t#disabling-rules
